// Jest Snapshot v1, https://goo.gl/fbAQLP

exports[`remove console works 1`] = `
"\\"use strict\\";

function test() {}"
`;
